// Vitest Snapshot v1

exports[`word > should get snapshot when type is word 1`] = `
[
  [
    "你好!",
    null,
    null,
    null,
    null,
    [
      [
        [
          null,
          [
            [
              "Hello!",
              null,
              [
                "你好!",
                "喂!",
              ],
              1,
              true,
            ],
            [
              "Hi!",
              null,
              [
                "嗨!",
                "你好!",
              ],
              1,
              true,
            ],
            [
              "Hallo!",
              null,
              [
                "你好!",
              ],
              3,
              true,
            ],
          ],
          "en",
          "zh-CN",
          9,
        ],
      ],
      3,
    ],
    "Nǐ hǎo",
    true,
    "zh-CN",
  ],
  [
    "你好",
    "zh-CN",
    "en",
  ],
]
`;
